16:50:26 **** Incremental Build of configuration Debug for project hello ****
make all 
'Building file: ../src/main.c'
'Invoking: ARM v8 gcc compiler'
aarch64-none-elf-gcc -Wall -O0 -g3 -c -fmessage-length=0 -MT"src/main.o" -IC:/Users/yeshe/Desktop/rep/code/lenet_kv260/vitis/design_2_wrapper/export/design_2_wrapper/sw/design_2_wrapper/standalone_psu_cortexa53_0/bspinclude/include -MMD -MP -MF"src/main.d" -MT"src/main.o" -o "src/main.o" "../src/main.c"
../src/main.c: In function 'main':
../src/main.c:41:13: warning: unused variable 'quant_width' [-Wunused-variable]
   41 |         int quant_width = 11;
      |             ^~~~~~~~~~~
../src/main.c:40:13: warning: unused variable 'bit_width' [-Wunused-variable]
   40 |         int bit_width = 16;
      |             ^~~~~~~~~
../src/main.c:39:28: warning: unused variable 'false_imgs' [-Wunused-variable]
   39 |         int true_imgs = 0, false_imgs = 0;
      |                            ^~~~~~~~~~
../src/main.c:39:13: warning: unused variable 'true_imgs' [-Wunused-variable]
   39 |         int true_imgs = 0, false_imgs = 0;
      |             ^~~~~~~~~
../src/main.c:38:15: warning: unused variable 'float_max' [-Wunused-variable]
   38 |         float float_max;
      |               ^~~~~~~~~
../src/main.c:37:15: warning: unused variable 'float_num' [-Wunused-variable]
   37 |         float float_num;
      |               ^~~~~~~~~
'Finished building: ../src/main.c'
' '
'Building target: hello.elf'
'Invoking: ARM v8 gcc linker'
aarch64-none-elf-gcc -Wl,-T -Wl,../src/lscript.ld -LC:/Users/yeshe/Desktop/rep/code/lenet_kv260/vitis/design_2_wrapper/export/design_2_wrapper/sw/design_2_wrapper/standalone_psu_cortexa53_0/bsplib/lib -o "hello.elf"  ./src/Matrix_Mul.o ./src/main.o ./src/platform.o   -Wl,--start-group,-lxil,-lgcc,-lc,--end-group
'Finished building target: hello.elf'
' '
'Invoking: ARM v8 Print Size'
aarch64-none-elf-size hello.elf  |tee "hello.elf.size"
   text	   data	    bss	    dec	    hex	filename
 115563	3612160	6299525	10027248	 9900f0	hello.elf
'Finished building: hello.elf.size'
' '

16:50:28 Build Finished (took 2s.34ms)

